// Jest Snapshot v1, https://goo.gl/fbAQLP

exports[`Saga with sideEffects.isEnabled = false forgotten registration 1`] = `
Object {
  "commands": Array [],
  "queries": Array [],
  "scheduledCommands": Array [],
  "sideEffects": Array [],
}
`;

exports[`Saga with sideEffects.isEnabled = false success registration 1`] = `
Object {
  "commands": Array [],
  "queries": Array [],
  "scheduledCommands": Array [],
  "sideEffects": Array [],
}
`;

exports[`Saga with sideEffects.isEnabled = true forgotten registration 1`] = `
Object {
  "commands": Array [
    Array [
      Object {
        "aggregateId": "userId",
        "aggregateName": "User",
        "payload": Object {
          "mail": "user@example.com",
        },
        "type": "requestConfirmUser",
      },
    ],
  ],
  "queries": Array [],
  "scheduledCommands": Array [
    Array [
      604800002,
      Object {
        "aggregateId": "userId",
        "aggregateName": "User",
        "payload": Object {},
        "type": "forgetUser",
      },
    ],
  ],
  "sideEffects": Array [
    Array [
      "sendEmail",
      "user@example.com",
      "Confirm mail",
      Object {
        "sideEffectsStartTimestamp": 1,
      },
    ],
  ],
}
`;

exports[`Saga with sideEffects.isEnabled = true success registration 1`] = `
Object {
  "commands": Array [
    Array [
      Object {
        "aggregateId": "userId",
        "aggregateName": "User",
        "payload": Object {
          "mail": "user@example.com",
        },
        "type": "requestConfirmUser",
      },
    ],
  ],
  "queries": Array [],
  "scheduledCommands": Array [
    Array [
      604800002,
      Object {
        "aggregateId": "userId",
        "aggregateName": "User",
        "payload": Object {},
        "type": "forgetUser",
      },
    ],
  ],
  "sideEffects": Array [
    Array [
      "sendEmail",
      "user@example.com",
      "Confirm mail",
      Object {
        "sideEffectsStartTimestamp": 1,
      },
    ],
  ],
}
`;
